Archive member included because of file (symbol)

/Users/James/pebble-dev/PebbleSDK-3.0-beta10/Pebble/aplite/lib/libpebble.a(tmpQA9vUTpebble.o)
                              src/main.c.30.o (app_event_loop)

Discarded input sections

 .text          0x0000000000000000        0x0 /Users/James/pebble-dev/PebbleSDK-3.0-beta10/arm-cs-tools/bin/../lib/gcc/arm-none-eabi/4.7.2/thumb2/crti.o
 .bss           0x0000000000000000        0x0 /Users/James/pebble-dev/PebbleSDK-3.0-beta10/arm-cs-tools/bin/../lib/gcc/arm-none-eabi/4.7.2/thumb2/crti.o
 .init          0x0000000000000000        0x4 /Users/James/pebble-dev/PebbleSDK-3.0-beta10/arm-cs-tools/bin/../lib/gcc/arm-none-eabi/4.7.2/thumb2/crti.o
 .fini          0x0000000000000000        0x4 /Users/James/pebble-dev/PebbleSDK-3.0-beta10/arm-cs-tools/bin/../lib/gcc/arm-none-eabi/4.7.2/thumb2/crti.o
 .text          0x0000000000000000       0xc8 /Users/James/pebble-dev/PebbleSDK-3.0-beta10/arm-cs-tools/bin/../lib/gcc/arm-none-eabi/4.7.2/thumb2/crtbegin.o
 .bss           0x0000000000000000       0x1c /Users/James/pebble-dev/PebbleSDK-3.0-beta10/arm-cs-tools/bin/../lib/gcc/arm-none-eabi/4.7.2/thumb2/crtbegin.o
 .init_array    0x0000000000000000        0x4 /Users/James/pebble-dev/PebbleSDK-3.0-beta10/arm-cs-tools/bin/../lib/gcc/arm-none-eabi/4.7.2/thumb2/crtbegin.o
 .fini_array    0x0000000000000000        0x4 /Users/James/pebble-dev/PebbleSDK-3.0-beta10/arm-cs-tools/bin/../lib/gcc/arm-none-eabi/4.7.2/thumb2/crtbegin.o
 .eh_frame      0x0000000000000000        0x0 /Users/James/pebble-dev/PebbleSDK-3.0-beta10/arm-cs-tools/bin/../lib/gcc/arm-none-eabi/4.7.2/thumb2/crtbegin.o
 .jcr           0x0000000000000000        0x0 /Users/James/pebble-dev/PebbleSDK-3.0-beta10/arm-cs-tools/bin/../lib/gcc/arm-none-eabi/4.7.2/thumb2/crtbegin.o
 .tm_clone_table
                0x0000000000000000        0x0 /Users/James/pebble-dev/PebbleSDK-3.0-beta10/arm-cs-tools/bin/../lib/gcc/arm-none-eabi/4.7.2/thumb2/crtbegin.o
 .text          0x0000000000000000        0x0 src/main.c.30.o
 .bss           0x0000000000000000        0x0 src/main.c.30.o
 .text.upcase   0x0000000000000000       0x1c src/main.c.30.o
 .text          0x0000000000000000        0x0 aplite/appinfo.auto.c.30.o
 .bss           0x0000000000000000        0x0 aplite/appinfo.auto.c.30.o
 .bss           0x0000000000000000        0x0 /Users/James/pebble-dev/PebbleSDK-3.0-beta10/Pebble/aplite/lib/libpebble.a(tmpQA9vUTpebble.o)
 .text.accel_data_service_subscribe__deprecated
                0x0000000000000000        0xc /Users/James/pebble-dev/PebbleSDK-3.0-beta10/Pebble/aplite/lib/libpebble.a(tmpQA9vUTpebble.o)
 .text.accel_data_service_unsubscribe
                0x0000000000000000        0xc /Users/James/pebble-dev/PebbleSDK-3.0-beta10/Pebble/aplite/lib/libpebble.a(tmpQA9vUTpebble.o)
 .text.accel_service_peek
                0x0000000000000000        0xc /Users/James/pebble-dev/PebbleSDK-3.0-beta10/Pebble/aplite/lib/libpebble.a(tmpQA9vUTpebble.o)
 .text.accel_service_set_samples_per_update
                0x0000000000000000        0xc /Users/James/pebble-dev/PebbleSDK-3.0-beta10/Pebble/aplite/lib/libpebble.a(tmpQA9vUTpebble.o)
 .text.accel_service_set_sampling_rate
                0x0000000000000000        0xc /Users/James/pebble-dev/PebbleSDK-3.0-beta10/Pebble/aplite/lib/libpebble.a(tmpQA9vUTpebble.o)
 .text.accel_tap_service_subscribe
                0x0000000000000000        0xc /Users/James/pebble-dev/PebbleSDK-3.0-beta10/Pebble/aplite/lib/libpebble.a(tmpQA9vUTpebble.o)
 .text.accel_tap_service_unsubscribe
                0x0000000000000000        0xc /Users/James/pebble-dev/PebbleSDK-3.0-beta10/Pebble/aplite/lib/libpebble.a(tmpQA9vUTpebble.o)
 .text.action_bar_layer_add_to_window
                0x0000000000000000        0xc /Users/James/pebble-dev/PebbleSDK-3.0-beta10/Pebble/aplite/lib/libpebble.a(tmpQA9vUTpebble.o)
 .text.action_bar_layer_clear_icon
                0x0000000000000000        0xc /Users/James/pebble-dev/PebbleSDK-3.0-beta10/Pebble/aplite/lib/libpebble.a(tmpQA9vUTpebble.o)
 .text.action_bar_layer_create
                0x0000000000000000        0xc /Users/James/pebble-dev/PebbleSDK-3.0-beta10/Pebble/aplite/lib/libpebble.a(tmpQA9vUTpebble.o)
 .text.action_bar_layer_destroy
                0x0000000000000000        0xc /Users/James/pebble-dev/PebbleSDK-3.0-beta10/Pebble/aplite/lib/libpebble.a(tmpQA9vUTpebble.o)
 .text.action_bar_layer_get_layer
                0x0000000000000000        0xc /Users/James/pebble-dev/PebbleSDK-3.0-beta10/Pebble/aplite/lib/libpebble.a(tmpQA9vUTpebble.o)
 .text.action_bar_layer_remove_from_window
                0x0000000000000000        0xc /Users/James/pebble-dev/PebbleSDK-3.0-beta10/Pebble/aplite/lib/libpebble.a(tmpQA9vUTpebble.o)
 .text.action_bar_layer_set_background_color
                0x0000000000000000        0xc /Users/James/pebble-dev/PebbleSDK-3.0-beta10/Pebble/aplite/lib/libpebble.a(tmpQA9vUTpebble.o)
 .text.action_bar_layer_set_click_config_provider
                0x0000000000000000        0xc /Users/James/pebble-dev/PebbleSDK-3.0-beta10/Pebble/aplite/lib/libpebble.a(tmpQA9vUTpebble.o)
 .text.action_bar_layer_set_context
                0x0000000000000000        0xc /Users/James/pebble-dev/PebbleSDK-3.0-beta10/Pebble/aplite/lib/libpebble.a(tmpQA9vUTpebble.o)
 .text.action_bar_layer_set_icon
                0x0000000000000000        0xc /Users/James/pebble-dev/PebbleSDK-3.0-beta10/Pebble/aplite/lib/libpebble.a(tmpQA9vUTpebble.o)
 .text.animation_create
                0x0000000000000000        0xc /Users/James/pebble-dev/PebbleSDK-3.0-beta10/Pebble/aplite/lib/libpebble.a(tmpQA9vUTpebble.o)
 .text.animation_destroy
                0x0000000000000000        0xc /Users/James/pebble-dev/PebbleSDK-3.0-beta10/Pebble/aplite/lib/libpebble.a(tmpQA9vUTpebble.o)
 .text.animation_get_context
                0x0000000000000000        0xc /Users/James/pebble-dev/PebbleSDK-3.0-beta10/Pebble/aplite/lib/libpebble.a(tmpQA9vUTpebble.o)
 .text.animation_is_scheduled
                0x0000000000000000        0xc /Users/James/pebble-dev/PebbleSDK-3.0-beta10/Pebble/aplite/lib/libpebble.a(tmpQA9vUTpebble.o)
 .text.animation_schedule
                0x0000000000000000        0xc /Users/James/pebble-dev/PebbleSDK-3.0-beta10/Pebble/aplite/lib/libpebble.a(tmpQA9vUTpebble.o)
 .text.animation_set_curve
                0x0000000000000000        0xc /Users/James/pebble-dev/PebbleSDK-3.0-beta10/Pebble/aplite/lib/libpebble.a(tmpQA9vUTpebble.o)
 .text.animation_set_delay
                0x0000000000000000        0xc /Users/James/pebble-dev/PebbleSDK-3.0-beta10/Pebble/aplite/lib/libpebble.a(tmpQA9vUTpebble.o)
 .text.animation_set_duration
                0x0000000000000000        0xc /Users/James/pebble-dev/PebbleSDK-3.0-beta10/Pebble/aplite/lib/libpebble.a(tmpQA9vUTpebble.o)
 .text.animation_set_handlers
                0x0000000000000000        0xc /Users/James/pebble-dev/PebbleSDK-3.0-beta10/Pebble/aplite/lib/libpebble.a(tmpQA9vUTpebble.o)
 .text.animation_set_implementation
                0x0000000000000000        0xc /Users/James/pebble-dev/PebbleSDK-3.0-beta10/Pebble/aplite/lib/libpebble.a(tmpQA9vUTpebble.o)
 .text.animation_unschedule
                0x0000000000000000        0xc /Users/James/pebble-dev/PebbleSDK-3.0-beta10/Pebble/aplite/lib/libpebble.a(tmpQA9vUTpebble.o)
 .text.animation_unschedule_all
                0x0000000000000000        0xc /Users/James/pebble-dev/PebbleSDK-3.0-beta10/Pebble/aplite/lib/libpebble.a(tmpQA9vUTpebble.o)
 .text.app_comm_get_sniff_interval
                0x0000000000000000        0xc /Users/James/pebble-dev/PebbleSDK-3.0-beta10/Pebble/aplite/lib/libpebble.a(tmpQA9vUTpebble.o)
 .text.app_comm_set_sniff_interval
                0x0000000000000000        0xc /Users/James/pebble-dev/PebbleSDK-3.0-beta10/Pebble/aplite/lib/libpebble.a(tmpQA9vUTpebble.o)
 .text.app_log  0x0000000000000000        0xc /Users/James/pebble-dev/PebbleSDK-3.0-beta10/Pebble/aplite/lib/libpebble.a(tmpQA9vUTpebble.o)
 .text.app_message_deregister_callbacks
                0x0000000000000000        0xc /Users/James/pebble-dev/PebbleSDK-3.0-beta10/Pebble/aplite/lib/libpebble.a(tmpQA9vUTpebble.o)
 .text.app_message_open
                0x0000000000000000        0xc /Users/James/pebble-dev/PebbleSDK-3.0-beta10/Pebble/aplite/lib/libpebble.a(tmpQA9vUTpebble.o)
 .text.app_sync_deinit
                0x0000000000000000        0xc /Users/James/pebble-dev/PebbleSDK-3.0-beta10/Pebble/aplite/lib/libpebble.a(tmpQA9vUTpebble.o)
 .text.app_sync_get
                0x0000000000000000        0xc /Users/James/pebble-dev/PebbleSDK-3.0-beta10/Pebble/aplite/lib/libpebble.a(tmpQA9vUTpebble.o)
 .text.app_sync_init
                0x0000000000000000        0xc /Users/James/pebble-dev/PebbleSDK-3.0-beta10/Pebble/aplite/lib/libpebble.a(tmpQA9vUTpebble.o)
 .text.app_sync_set
                0x0000000000000000        0xc /Users/James/pebble-dev/PebbleSDK-3.0-beta10/Pebble/aplite/lib/libpebble.a(tmpQA9vUTpebble.o)
 .text.app_timer_cancel
                0x0000000000000000        0xc /Users/James/pebble-dev/PebbleSDK-3.0-beta10/Pebble/aplite/lib/libpebble.a(tmpQA9vUTpebble.o)
 .text.app_timer_register
                0x0000000000000000        0xc /Users/James/pebble-dev/PebbleSDK-3.0-beta10/Pebble/aplite/lib/libpebble.a(tmpQA9vUTpebble.o)
 .text.app_timer_reschedule
                0x0000000000000000        0xc /Users/James/pebble-dev/PebbleSDK-3.0-beta10/Pebble/aplite/lib/libpebble.a(tmpQA9vUTpebble.o)
 .text.atan2_lookup
                0x0000000000000000        0xc /Users/James/pebble-dev/PebbleSDK-3.0-beta10/Pebble/aplite/lib/libpebble.a(tmpQA9vUTpebble.o)
 .text.atoi     0x0000000000000000        0xc /Users/James/pebble-dev/PebbleSDK-3.0-beta10/Pebble/aplite/lib/libpebble.a(tmpQA9vUTpebble.o)
 .text.atol     0x0000000000000000        0xc /Users/James/pebble-dev/PebbleSDK-3.0-beta10/Pebble/aplite/lib/libpebble.a(tmpQA9vUTpebble.o)
 .text.battery_state_service_subscribe
                0x0000000000000000        0xc /Users/James/pebble-dev/PebbleSDK-3.0-beta10/Pebble/aplite/lib/libpebble.a(tmpQA9vUTpebble.o)
 .text.battery_state_service_unsubscribe
                0x0000000000000000        0xc /Users/James/pebble-dev/PebbleSDK-3.0-beta10/Pebble/aplite/lib/libpebble.a(tmpQA9vUTpebble.o)
 .text.bitmap_layer_set_alignment
                0x0000000000000000        0xc /Users/James/pebble-dev/PebbleSDK-3.0-beta10/Pebble/aplite/lib/libpebble.a(tmpQA9vUTpebble.o)
 .text.bitmap_layer_set_background_color
                0x0000000000000000        0xc /Users/James/pebble-dev/PebbleSDK-3.0-beta10/Pebble/aplite/lib/libpebble.a(tmpQA9vUTpebble.o)
 .text.bitmap_layer_set_compositing_mode
                0x0000000000000000        0xc /Users/James/pebble-dev/PebbleSDK-3.0-beta10/Pebble/aplite/lib/libpebble.a(tmpQA9vUTpebble.o)
 .text.bluetooth_connection_service_peek
                0x0000000000000000        0xc /Users/James/pebble-dev/PebbleSDK-3.0-beta10/Pebble/aplite/lib/libpebble.a(tmpQA9vUTpebble.o)
 .text.bluetooth_connection_service_unsubscribe
                0x0000000000000000        0xc /Users/James/pebble-dev/PebbleSDK-3.0-beta10/Pebble/aplite/lib/libpebble.a(tmpQA9vUTpebble.o)
 .text.click_number_of_clicks_counted
                0x0000000000000000        0xc /Users/James/pebble-dev/PebbleSDK-3.0-beta10/Pebble/aplite/lib/libpebble.a(tmpQA9vUTpebble.o)
 .text.click_recognizer_get_button_id
                0x0000000000000000        0xc /Users/James/pebble-dev/PebbleSDK-3.0-beta10/Pebble/aplite/lib/libpebble.a(tmpQA9vUTpebble.o)
 .text.clock_copy_time_string
                0x0000000000000000        0xc /Users/James/pebble-dev/PebbleSDK-3.0-beta10/Pebble/aplite/lib/libpebble.a(tmpQA9vUTpebble.o)
 .text.cos_lookup
                0x0000000000000000        0xc /Users/James/pebble-dev/PebbleSDK-3.0-beta10/Pebble/aplite/lib/libpebble.a(tmpQA9vUTpebble.o)
 .text.data_logging_create
                0x0000000000000000        0xc /Users/James/pebble-dev/PebbleSDK-3.0-beta10/Pebble/aplite/lib/libpebble.a(tmpQA9vUTpebble.o)
 .text.data_logging_finish
                0x0000000000000000        0xc /Users/James/pebble-dev/PebbleSDK-3.0-beta10/Pebble/aplite/lib/libpebble.a(tmpQA9vUTpebble.o)
 .text.data_logging_log
                0x0000000000000000        0xc /Users/James/pebble-dev/PebbleSDK-3.0-beta10/Pebble/aplite/lib/libpebble.a(tmpQA9vUTpebble.o)
 .text.dict_calc_buffer_size
                0x0000000000000000        0xc /Users/James/pebble-dev/PebbleSDK-3.0-beta10/Pebble/aplite/lib/libpebble.a(tmpQA9vUTpebble.o)
 .text.dict_calc_buffer_size_from_tuplets
                0x0000000000000000        0xc /Users/James/pebble-dev/PebbleSDK-3.0-beta10/Pebble/aplite/lib/libpebble.a(tmpQA9vUTpebble.o)
 .text.dict_find
                0x0000000000000000        0xc /Users/James/pebble-dev/PebbleSDK-3.0-beta10/Pebble/aplite/lib/libpebble.a(tmpQA9vUTpebble.o)
 .text.dict_merge
                0x0000000000000000        0xc /Users/James/pebble-dev/PebbleSDK-3.0-beta10/Pebble/aplite/lib/libpebble.a(tmpQA9vUTpebble.o)
 .text.dict_read_begin_from_buffer
                0x0000000000000000        0xc /Users/James/pebble-dev/PebbleSDK-3.0-beta10/Pebble/aplite/lib/libpebble.a(tmpQA9vUTpebble.o)
 .text.dict_read_first
                0x0000000000000000        0xc /Users/James/pebble-dev/PebbleSDK-3.0-beta10/Pebble/aplite/lib/libpebble.a(tmpQA9vUTpebble.o)
 .text.dict_read_next
                0x0000000000000000        0xc /Users/James/pebble-dev/PebbleSDK-3.0-beta10/Pebble/aplite/lib/libpebble.a(tmpQA9vUTpebble.o)
 .text.dict_serialize_tuplets
                0x0000000000000000        0xc /Users/James/pebble-dev/PebbleSDK-3.0-beta10/Pebble/aplite/lib/libpebble.a(tmpQA9vUTpebble.o)
 .text.dict_serialize_tuplets_to_buffer__deprecated
                0x0000000000000000        0xc /Users/James/pebble-dev/PebbleSDK-3.0-beta10/Pebble/aplite/lib/libpebble.a(tmpQA9vUTpebble.o)
 .text.dict_serialize_tuplets_to_buffer_with_iter
                0x0000000000000000        0xc /Users/James/pebble-dev/PebbleSDK-3.0-beta10/Pebble/aplite/lib/libpebble.a(tmpQA9vUTpebble.o)
 .text.dict_write_begin
                0x0000000000000000        0xc /Users/James/pebble-dev/PebbleSDK-3.0-beta10/Pebble/aplite/lib/libpebble.a(tmpQA9vUTpebble.o)
 .text.dict_write_cstring
                0x0000000000000000        0xc /Users/James/pebble-dev/PebbleSDK-3.0-beta10/Pebble/aplite/lib/libpebble.a(tmpQA9vUTpebble.o)
 .text.dict_write_data
                0x0000000000000000        0xc /Users/James/pebble-dev/PebbleSDK-3.0-beta10/Pebble/aplite/lib/libpebble.a(tmpQA9vUTpebble.o)
 .text.dict_write_end
                0x0000000000000000        0xc /Users/James/pebble-dev/PebbleSDK-3.0-beta10/Pebble/aplite/lib/libpebble.a(tmpQA9vUTpebble.o)
 .text.dict_write_int
                0x0000000000000000        0xc /Users/James/pebble-dev/PebbleSDK-3.0-beta10/Pebble/aplite/lib/libpebble.a(tmpQA9vUTpebble.o)
 .text.dict_write_int16
                0x0000000000000000        0xc /Users/James/pebble-dev/PebbleSDK-3.0-beta10/Pebble/aplite/lib/libpebble.a(tmpQA9vUTpebble.o)
 .text.dict_write_int32
                0x0000000000000000        0xc /Users/James/pebble-dev/PebbleSDK-3.0-beta10/Pebble/aplite/lib/libpebble.a(tmpQA9vUTpebble.o)
 .text.dict_write_int8
                0x0000000000000000        0xc /Users/James/pebble-dev/PebbleSDK-3.0-beta10/Pebble/aplite/lib/libpebble.a(tmpQA9vUTpebble.o)
 .text.dict_write_tuplet
                0x0000000000000000        0xc /Users/James/pebble-dev/PebbleSDK-3.0-beta10/Pebble/aplite/lib/libpebble.a(tmpQA9vUTpebble.o)
 .text.dict_write_uint16
                0x0000000000000000        0xc /Users/James/pebble-dev/PebbleSDK-3.0-beta10/Pebble/aplite/lib/libpebble.a(tmpQA9vUTpebble.o)
 .text.dict_write_uint32
                0x0000000000000000        0xc /Users/James/pebble-dev/PebbleSDK-3.0-beta10/Pebble/aplite/lib/libpebble.a(tmpQA9vUTpebble.o)
 .text.dict_write_uint8
                0x0000000000000000        0xc /Users/James/pebble-dev/PebbleSDK-3.0-beta10/Pebble/aplite/lib/libpebble.a(tmpQA9vUTpebble.o)
 .text.fonts_get_system_font
                0x0000000000000000        0xc /Users/James/pebble-dev/PebbleSDK-3.0-beta10/Pebble/aplite/lib/libpebble.a(tmpQA9vUTpebble.o)
 .text.fonts_unload_custom_font
                0x0000000000000000        0xc /Users/James/pebble-dev/PebbleSDK-3.0-beta10/Pebble/aplite/lib/libpebble.a(tmpQA9vUTpebble.o)
 .text.free     0x0000000000000000        0xc /Users/James/pebble-dev/PebbleSDK-3.0-beta10/Pebble/aplite/lib/libpebble.a(tmpQA9vUTpebble.o)
 .text.gbitmap_create_as_sub_bitmap
                0x0000000000000000        0xc /Users/James/pebble-dev/PebbleSDK-3.0-beta10/Pebble/aplite/lib/libpebble.a(tmpQA9vUTpebble.o)
 .text.gbitmap_create_with_data
                0x0000000000000000        0xc /Users/James/pebble-dev/PebbleSDK-3.0-beta10/Pebble/aplite/lib/libpebble.a(tmpQA9vUTpebble.o)
 .text.gmtime   0x0000000000000000        0xc /Users/James/pebble-dev/PebbleSDK-3.0-beta10/Pebble/aplite/lib/libpebble.a(tmpQA9vUTpebble.o)
 .text.gpath_create
                0x0000000000000000        0xc /Users/James/pebble-dev/PebbleSDK-3.0-beta10/Pebble/aplite/lib/libpebble.a(tmpQA9vUTpebble.o)
 .text.gpath_destroy
                0x0000000000000000        0xc /Users/James/pebble-dev/PebbleSDK-3.0-beta10/Pebble/aplite/lib/libpebble.a(tmpQA9vUTpebble.o)
 .text.gpath_draw_filled_legacy
                0x0000000000000000        0xc /Users/James/pebble-dev/PebbleSDK-3.0-beta10/Pebble/aplite/lib/libpebble.a(tmpQA9vUTpebble.o)
 .text.gpath_draw_outline
                0x0000000000000000        0xc /Users/James/pebble-dev/PebbleSDK-3.0-beta10/Pebble/aplite/lib/libpebble.a(tmpQA9vUTpebble.o)
 .text.gpath_move_to
                0x0000000000000000        0xc /Users/James/pebble-dev/PebbleSDK-3.0-beta10/Pebble/aplite/lib/libpebble.a(tmpQA9vUTpebble.o)
 .text.gpath_rotate_to
                0x0000000000000000        0xc /Users/James/pebble-dev/PebbleSDK-3.0-beta10/Pebble/aplite/lib/libpebble.a(tmpQA9vUTpebble.o)
 .text.gpoint_equal
                0x0000000000000000        0xc /Users/James/pebble-dev/PebbleSDK-3.0-beta10/Pebble/aplite/lib/libpebble.a(tmpQA9vUTpebble.o)
 .text.graphics_context_set_compositing_mode
                0x0000000000000000        0xc /Users/James/pebble-dev/PebbleSDK-3.0-beta10/Pebble/aplite/lib/libpebble.a(tmpQA9vUTpebble.o)
 .text.graphics_context_set_stroke_color
                0x0000000000000000        0xc /Users/James/pebble-dev/PebbleSDK-3.0-beta10/Pebble/aplite/lib/libpebble.a(tmpQA9vUTpebble.o)
 .text.graphics_context_set_text_color
                0x0000000000000000        0xc /Users/James/pebble-dev/PebbleSDK-3.0-beta10/Pebble/aplite/lib/libpebble.a(tmpQA9vUTpebble.o)
 .text.graphics_draw_bitmap_in_rect
                0x0000000000000000        0xc /Users/James/pebble-dev/PebbleSDK-3.0-beta10/Pebble/aplite/lib/libpebble.a(tmpQA9vUTpebble.o)
 .text.graphics_draw_circle
                0x0000000000000000        0xc /Users/James/pebble-dev/PebbleSDK-3.0-beta10/Pebble/aplite/lib/libpebble.a(tmpQA9vUTpebble.o)
 .text.graphics_draw_line
                0x0000000000000000        0xc /Users/James/pebble-dev/PebbleSDK-3.0-beta10/Pebble/aplite/lib/libpebble.a(tmpQA9vUTpebble.o)
 .text.graphics_draw_pixel
                0x0000000000000000        0xc /Users/James/pebble-dev/PebbleSDK-3.0-beta10/Pebble/aplite/lib/libpebble.a(tmpQA9vUTpebble.o)
 .text.graphics_draw_rect
                0x0000000000000000        0xc /Users/James/pebble-dev/PebbleSDK-3.0-beta10/Pebble/aplite/lib/libpebble.a(tmpQA9vUTpebble.o)
 .text.graphics_draw_round_rect
                0x0000000000000000        0xc /Users/James/pebble-dev/PebbleSDK-3.0-beta10/Pebble/aplite/lib/libpebble.a(tmpQA9vUTpebble.o)
 .text.graphics_fill_circle
                0x0000000000000000        0xc /Users/James/pebble-dev/PebbleSDK-3.0-beta10/Pebble/aplite/lib/libpebble.a(tmpQA9vUTpebble.o)
 .text.graphics_text_layout_get_max_used_size
                0x0000000000000000        0xc /Users/James/pebble-dev/PebbleSDK-3.0-beta10/Pebble/aplite/lib/libpebble.a(tmpQA9vUTpebble.o)
 .text.grect_align
                0x0000000000000000        0xc /Users/James/pebble-dev/PebbleSDK-3.0-beta10/Pebble/aplite/lib/libpebble.a(tmpQA9vUTpebble.o)
 .text.grect_center_point
                0x0000000000000000        0xc /Users/James/pebble-dev/PebbleSDK-3.0-beta10/Pebble/aplite/lib/libpebble.a(tmpQA9vUTpebble.o)
 .text.grect_clip
                0x0000000000000000        0xc /Users/James/pebble-dev/PebbleSDK-3.0-beta10/Pebble/aplite/lib/libpebble.a(tmpQA9vUTpebble.o)
 .text.grect_contains_point
                0x0000000000000000        0xc /Users/James/pebble-dev/PebbleSDK-3.0-beta10/Pebble/aplite/lib/libpebble.a(tmpQA9vUTpebble.o)
 .text.grect_crop
                0x0000000000000000        0xc /Users/James/pebble-dev/PebbleSDK-3.0-beta10/Pebble/aplite/lib/libpebble.a(tmpQA9vUTpebble.o)
 .text.grect_equal
                0x0000000000000000        0xc /Users/James/pebble-dev/PebbleSDK-3.0-beta10/Pebble/aplite/lib/libpebble.a(tmpQA9vUTpebble.o)
 .text.grect_is_empty
                0x0000000000000000        0xc /Users/James/pebble-dev/PebbleSDK-3.0-beta10/Pebble/aplite/lib/libpebble.a(tmpQA9vUTpebble.o)
 .text.grect_standardize
                0x0000000000000000        0xc /Users/James/pebble-dev/PebbleSDK-3.0-beta10/Pebble/aplite/lib/libpebble.a(tmpQA9vUTpebble.o)
 .text.gsize_equal
                0x0000000000000000        0xc /Users/James/pebble-dev/PebbleSDK-3.0-beta10/Pebble/aplite/lib/libpebble.a(tmpQA9vUTpebble.o)
 .text.inverter_layer_create
                0x0000000000000000        0xc /Users/James/pebble-dev/PebbleSDK-3.0-beta10/Pebble/aplite/lib/libpebble.a(tmpQA9vUTpebble.o)
 .text.inverter_layer_destroy
                0x0000000000000000        0xc /Users/James/pebble-dev/PebbleSDK-3.0-beta10/Pebble/aplite/lib/libpebble.a(tmpQA9vUTpebble.o)
 .text.inverter_layer_get_layer
                0x0000000000000000        0xc /Users/James/pebble-dev/PebbleSDK-3.0-beta10/Pebble/aplite/lib/libpebble.a(tmpQA9vUTpebble.o)
 .text.layer_create_with_data
                0x0000000000000000        0xc /Users/James/pebble-dev/PebbleSDK-3.0-beta10/Pebble/aplite/lib/libpebble.a(tmpQA9vUTpebble.o)
 .text.layer_get_clips
                0x0000000000000000        0xc /Users/James/pebble-dev/PebbleSDK-3.0-beta10/Pebble/aplite/lib/libpebble.a(tmpQA9vUTpebble.o)
 .text.layer_get_data
                0x0000000000000000        0xc /Users/James/pebble-dev/PebbleSDK-3.0-beta10/Pebble/aplite/lib/libpebble.a(tmpQA9vUTpebble.o)
 .text.layer_get_frame
                0x0000000000000000        0xc /Users/James/pebble-dev/PebbleSDK-3.0-beta10/Pebble/aplite/lib/libpebble.a(tmpQA9vUTpebble.o)
 .text.layer_get_hidden
                0x0000000000000000        0xc /Users/James/pebble-dev/PebbleSDK-3.0-beta10/Pebble/aplite/lib/libpebble.a(tmpQA9vUTpebble.o)
 .text.layer_get_window
                0x0000000000000000        0xc /Users/James/pebble-dev/PebbleSDK-3.0-beta10/Pebble/aplite/lib/libpebble.a(tmpQA9vUTpebble.o)
 .text.layer_insert_above_sibling
                0x0000000000000000        0xc /Users/James/pebble-dev/PebbleSDK-3.0-beta10/Pebble/aplite/lib/libpebble.a(tmpQA9vUTpebble.o)
 .text.layer_insert_below_sibling
                0x0000000000000000        0xc /Users/James/pebble-dev/PebbleSDK-3.0-beta10/Pebble/aplite/lib/libpebble.a(tmpQA9vUTpebble.o)
 .text.layer_mark_dirty
                0x0000000000000000        0xc /Users/James/pebble-dev/PebbleSDK-3.0-beta10/Pebble/aplite/lib/libpebble.a(tmpQA9vUTpebble.o)
 .text.layer_remove_child_layers
                0x0000000000000000        0xc /Users/James/pebble-dev/PebbleSDK-3.0-beta10/Pebble/aplite/lib/libpebble.a(tmpQA9vUTpebble.o)
 .text.layer_remove_from_parent
                0x0000000000000000        0xc /Users/James/pebble-dev/PebbleSDK-3.0-beta10/Pebble/aplite/lib/libpebble.a(tmpQA9vUTpebble.o)
 .text.layer_set_bounds
                0x0000000000000000        0xc /Users/James/pebble-dev/PebbleSDK-3.0-beta10/Pebble/aplite/lib/libpebble.a(tmpQA9vUTpebble.o)
 .text.layer_set_clips
                0x0000000000000000        0xc /Users/James/pebble-dev/PebbleSDK-3.0-beta10/Pebble/aplite/lib/libpebble.a(tmpQA9vUTpebble.o)
 .text.layer_set_frame
                0x0000000000000000        0xc /Users/James/pebble-dev/PebbleSDK-3.0-beta10/Pebble/aplite/lib/libpebble.a(tmpQA9vUTpebble.o)
 .text.layer_set_hidden
                0x0000000000000000        0xc /Users/James/pebble-dev/PebbleSDK-3.0-beta10/Pebble/aplite/lib/libpebble.a(tmpQA9vUTpebble.o)
 .text.light_enable
                0x0000000000000000        0xc /Users/James/pebble-dev/PebbleSDK-3.0-beta10/Pebble/aplite/lib/libpebble.a(tmpQA9vUTpebble.o)
 .text.light_enable_interaction
                0x0000000000000000        0xc /Users/James/pebble-dev/PebbleSDK-3.0-beta10/Pebble/aplite/lib/libpebble.a(tmpQA9vUTpebble.o)
 .text.malloc   0x0000000000000000        0xc /Users/James/pebble-dev/PebbleSDK-3.0-beta10/Pebble/aplite/lib/libpebble.a(tmpQA9vUTpebble.o)
 .text.memcpy   0x0000000000000000        0xc /Users/James/pebble-dev/PebbleSDK-3.0-beta10/Pebble/aplite/lib/libpebble.a(tmpQA9vUTpebble.o)
 .text.memmove  0x0000000000000000        0xc /Users/James/pebble-dev/PebbleSDK-3.0-beta10/Pebble/aplite/lib/libpebble.a(tmpQA9vUTpebble.o)
 .text.menu_cell_basic_draw
                0x0000000000000000        0xc /Users/James/pebble-dev/PebbleSDK-3.0-beta10/Pebble/aplite/lib/libpebble.a(tmpQA9vUTpebble.o)
 .text.menu_cell_basic_header_draw
                0x0000000000000000        0xc /Users/James/pebble-dev/PebbleSDK-3.0-beta10/Pebble/aplite/lib/libpebble.a(tmpQA9vUTpebble.o)
 .text.menu_cell_title_draw
                0x0000000000000000        0xc /Users/James/pebble-dev/PebbleSDK-3.0-beta10/Pebble/aplite/lib/libpebble.a(tmpQA9vUTpebble.o)
 .text.menu_index_compare
                0x0000000000000000        0xc /Users/James/pebble-dev/PebbleSDK-3.0-beta10/Pebble/aplite/lib/libpebble.a(tmpQA9vUTpebble.o)
 .text.menu_layer_create
                0x0000000000000000        0xc /Users/James/pebble-dev/PebbleSDK-3.0-beta10/Pebble/aplite/lib/libpebble.a(tmpQA9vUTpebble.o)
 .text.menu_layer_destroy
                0x0000000000000000        0xc /Users/James/pebble-dev/PebbleSDK-3.0-beta10/Pebble/aplite/lib/libpebble.a(tmpQA9vUTpebble.o)
 .text.menu_layer_get_layer
                0x0000000000000000        0xc /Users/James/pebble-dev/PebbleSDK-3.0-beta10/Pebble/aplite/lib/libpebble.a(tmpQA9vUTpebble.o)
 .text.menu_layer_get_scroll_layer
                0x0000000000000000        0xc /Users/James/pebble-dev/PebbleSDK-3.0-beta10/Pebble/aplite/lib/libpebble.a(tmpQA9vUTpebble.o)
 .text.menu_layer_get_selected_index
                0x0000000000000000        0xc /Users/James/pebble-dev/PebbleSDK-3.0-beta10/Pebble/aplite/lib/libpebble.a(tmpQA9vUTpebble.o)
 .text.menu_layer_reload_data
                0x0000000000000000        0xc /Users/James/pebble-dev/PebbleSDK-3.0-beta10/Pebble/aplite/lib/libpebble.a(tmpQA9vUTpebble.o)
 .text.menu_layer_set_callbacks__deprecated
                0x0000000000000000        0xc /Users/James/pebble-dev/PebbleSDK-3.0-beta10/Pebble/aplite/lib/libpebble.a(tmpQA9vUTpebble.o)
 .text.menu_layer_set_click_config_onto_window
                0x0000000000000000        0xc /Users/James/pebble-dev/PebbleSDK-3.0-beta10/Pebble/aplite/lib/libpebble.a(tmpQA9vUTpebble.o)
 .text.menu_layer_set_selected_index
                0x0000000000000000        0xc /Users/James/pebble-dev/PebbleSDK-3.0-beta10/Pebble/aplite/lib/libpebble.a(tmpQA9vUTpebble.o)
 .text.menu_layer_set_selected_next
                0x0000000000000000        0xc /Users/James/pebble-dev/PebbleSDK-3.0-beta10/Pebble/aplite/lib/libpebble.a(tmpQA9vUTpebble.o)
 .text.number_window_create
                0x0000000000000000        0xc /Users/James/pebble-dev/PebbleSDK-3.0-beta10/Pebble/aplite/lib/libpebble.a(tmpQA9vUTpebble.o)
 .text.number_window_destroy
                0x0000000000000000        0xc /Users/James/pebble-dev/PebbleSDK-3.0-beta10/Pebble/aplite/lib/libpebble.a(tmpQA9vUTpebble.o)
 .text.number_window_get_value
                0x0000000000000000        0xc /Users/James/pebble-dev/PebbleSDK-3.0-beta10/Pebble/aplite/lib/libpebble.a(tmpQA9vUTpebble.o)
 .text.number_window_set_label
                0x0000000000000000        0xc /Users/James/pebble-dev/PebbleSDK-3.0-beta10/Pebble/aplite/lib/libpebble.a(tmpQA9vUTpebble.o)
 .text.number_window_set_max
                0x0000000000000000        0xc /Users/James/pebble-dev/PebbleSDK-3.0-beta10/Pebble/aplite/lib/libpebble.a(tmpQA9vUTpebble.o)
 .text.number_window_set_min
                0x0000000000000000        0xc /Users/James/pebble-dev/PebbleSDK-3.0-beta10/Pebble/aplite/lib/libpebble.a(tmpQA9vUTpebble.o)
 .text.number_window_set_step_size
                0x0000000000000000        0xc /Users/James/pebble-dev/PebbleSDK-3.0-beta10/Pebble/aplite/lib/libpebble.a(tmpQA9vUTpebble.o)
 .text.number_window_set_value
                0x0000000000000000        0xc /Users/James/pebble-dev/PebbleSDK-3.0-beta10/Pebble/aplite/lib/libpebble.a(tmpQA9vUTpebble.o)
 .text.persist_delete
                0x0000000000000000        0xc /Users/James/pebble-dev/PebbleSDK-3.0-beta10/Pebble/aplite/lib/libpebble.a(tmpQA9vUTpebble.o)
 .text.persist_exists
                0x0000000000000000        0xc /Users/James/pebble-dev/PebbleSDK-3.0-beta10/Pebble/aplite/lib/libpebble.a(tmpQA9vUTpebble.o)
 .text.persist_get_size
                0x0000000000000000        0xc /Users/James/pebble-dev/PebbleSDK-3.0-beta10/Pebble/aplite/lib/libpebble.a(tmpQA9vUTpebble.o)
 .text.persist_read_bool
                0x0000000000000000        0xc /Users/James/pebble-dev/PebbleSDK-3.0-beta10/Pebble/aplite/lib/libpebble.a(tmpQA9vUTpebble.o)
 .text.persist_read_data__deprecated
                0x0000000000000000        0xc /Users/James/pebble-dev/PebbleSDK-3.0-beta10/Pebble/aplite/lib/libpebble.a(tmpQA9vUTpebble.o)
 .text.persist_read_int
                0x0000000000000000        0xc /Users/James/pebble-dev/PebbleSDK-3.0-beta10/Pebble/aplite/lib/libpebble.a(tmpQA9vUTpebble.o)
 .text.persist_read_string__deprecated
                0x0000000000000000        0xc /Users/James/pebble-dev/PebbleSDK-3.0-beta10/Pebble/aplite/lib/libpebble.a(tmpQA9vUTpebble.o)
 .text.persist_write_bool
                0x0000000000000000        0xc /Users/James/pebble-dev/PebbleSDK-3.0-beta10/Pebble/aplite/lib/libpebble.a(tmpQA9vUTpebble.o)
 .text.persist_write_data__deprecated
                0x0000000000000000        0xc /Users/James/pebble-dev/PebbleSDK-3.0-beta10/Pebble/aplite/lib/libpebble.a(tmpQA9vUTpebble.o)
 .text.persist_write_int
                0x0000000000000000        0xc /Users/James/pebble-dev/PebbleSDK-3.0-beta10/Pebble/aplite/lib/libpebble.a(tmpQA9vUTpebble.o)
 .text.persist_write_string
                0x0000000000000000        0xc /Users/James/pebble-dev/PebbleSDK-3.0-beta10/Pebble/aplite/lib/libpebble.a(tmpQA9vUTpebble.o)
 .text.property_animation_create
                0x0000000000000000        0xc /Users/James/pebble-dev/PebbleSDK-3.0-beta10/Pebble/aplite/lib/libpebble.a(tmpQA9vUTpebble.o)
 .text.property_animation_create_layer_frame
                0x0000000000000000        0xc /Users/James/pebble-dev/PebbleSDK-3.0-beta10/Pebble/aplite/lib/libpebble.a(tmpQA9vUTpebble.o)
 .text.property_animation_destroy
                0x0000000000000000        0xc /Users/James/pebble-dev/PebbleSDK-3.0-beta10/Pebble/aplite/lib/libpebble.a(tmpQA9vUTpebble.o)
 .text.property_animation_update_gpoint
                0x0000000000000000        0xc /Users/James/pebble-dev/PebbleSDK-3.0-beta10/Pebble/aplite/lib/libpebble.a(tmpQA9vUTpebble.o)
 .text.property_animation_update_grect
                0x0000000000000000        0xc /Users/James/pebble-dev/PebbleSDK-3.0-beta10/Pebble/aplite/lib/libpebble.a(tmpQA9vUTpebble.o)
 .text.property_animation_update_int16
                0x0000000000000000        0xc /Users/James/pebble-dev/PebbleSDK-3.0-beta10/Pebble/aplite/lib/libpebble.a(tmpQA9vUTpebble.o)
 .text.psleep   0x0000000000000000        0xc /Users/James/pebble-dev/PebbleSDK-3.0-beta10/Pebble/aplite/lib/libpebble.a(tmpQA9vUTpebble.o)
 .text.rand     0x0000000000000000        0xc /Users/James/pebble-dev/PebbleSDK-3.0-beta10/Pebble/aplite/lib/libpebble.a(tmpQA9vUTpebble.o)
 .text.resource_load
                0x0000000000000000        0xc /Users/James/pebble-dev/PebbleSDK-3.0-beta10/Pebble/aplite/lib/libpebble.a(tmpQA9vUTpebble.o)
 .text.resource_load_byte_range
                0x0000000000000000        0xc /Users/James/pebble-dev/PebbleSDK-3.0-beta10/Pebble/aplite/lib/libpebble.a(tmpQA9vUTpebble.o)
 .text.resource_size
                0x0000000000000000        0xc /Users/James/pebble-dev/PebbleSDK-3.0-beta10/Pebble/aplite/lib/libpebble.a(tmpQA9vUTpebble.o)
 .text.rot_bitmap_layer_create
                0x0000000000000000        0xc /Users/James/pebble-dev/PebbleSDK-3.0-beta10/Pebble/aplite/lib/libpebble.a(tmpQA9vUTpebble.o)
 .text.rot_bitmap_layer_destroy
                0x0000000000000000        0xc /Users/James/pebble-dev/PebbleSDK-3.0-beta10/Pebble/aplite/lib/libpebble.a(tmpQA9vUTpebble.o)
 .text.rot_bitmap_layer_increment_angle
                0x0000000000000000        0xc /Users/James/pebble-dev/PebbleSDK-3.0-beta10/Pebble/aplite/lib/libpebble.a(tmpQA9vUTpebble.o)
 .text.rot_bitmap_layer_set_angle
                0x0000000000000000        0xc /Users/James/pebble-dev/PebbleSDK-3.0-beta10/Pebble/aplite/lib/libpebble.a(tmpQA9vUTpebble.o)
 .text.rot_bitmap_layer_set_corner_clip_color
                0x0000000000000000        0xc /Users/James/pebble-dev/PebbleSDK-3.0-beta10/Pebble/aplite/lib/libpebble.a(tmpQA9vUTpebble.o)
 .text.rot_bitmap_set_compositing_mode
                0x0000000000000000        0xc /Users/James/pebble-dev/PebbleSDK-3.0-beta10/Pebble/aplite/lib/libpebble.a(tmpQA9vUTpebble.o)
 .text.rot_bitmap_set_src_ic
                0x0000000000000000        0xc /Users/James/pebble-dev/PebbleSDK-3.0-beta10/Pebble/aplite/lib/libpebble.a(tmpQA9vUTpebble.o)
 .text.scroll_layer_add_child
                0x0000000000000000        0xc /Users/James/pebble-dev/PebbleSDK-3.0-beta10/Pebble/aplite/lib/libpebble.a(tmpQA9vUTpebble.o)
 .text.scroll_layer_create
                0x0000000000000000        0xc /Users/James/pebble-dev/PebbleSDK-3.0-beta10/Pebble/aplite/lib/libpebble.a(tmpQA9vUTpebble.o)
 .text.scroll_layer_destroy
                0x0000000000000000        0xc /Users/James/pebble-dev/PebbleSDK-3.0-beta10/Pebble/aplite/lib/libpebble.a(tmpQA9vUTpebble.o)
 .text.scroll_layer_get_content_offset
                0x0000000000000000        0xc /Users/James/pebble-dev/PebbleSDK-3.0-beta10/Pebble/aplite/lib/libpebble.a(tmpQA9vUTpebble.o)
 .text.scroll_layer_get_content_size
                0x0000000000000000        0xc /Users/James/pebble-dev/PebbleSDK-3.0-beta10/Pebble/aplite/lib/libpebble.a(tmpQA9vUTpebble.o)
 .text.scroll_layer_get_layer
                0x0000000000000000        0xc /Users/James/pebble-dev/PebbleSDK-3.0-beta10/Pebble/aplite/lib/libpebble.a(tmpQA9vUTpebble.o)
 .text.scroll_layer_get_shadow_hidden
                0x0000000000000000        0xc /Users/James/pebble-dev/PebbleSDK-3.0-beta10/Pebble/aplite/lib/libpebble.a(tmpQA9vUTpebble.o)
 .text.scroll_layer_scroll_down_click_handler
                0x0000000000000000        0xc /Users/James/pebble-dev/PebbleSDK-3.0-beta10/Pebble/aplite/lib/libpebble.a(tmpQA9vUTpebble.o)
 .text.scroll_layer_scroll_up_click_handler
                0x0000000000000000        0xc /Users/James/pebble-dev/PebbleSDK-3.0-beta10/Pebble/aplite/lib/libpebble.a(tmpQA9vUTpebble.o)
 .text.scroll_layer_set_callbacks
                0x0000000000000000        0xc /Users/James/pebble-dev/PebbleSDK-3.0-beta10/Pebble/aplite/lib/libpebble.a(tmpQA9vUTpebble.o)
 .text.scroll_layer_set_click_config_onto_window
                0x0000000000000000        0xc /Users/James/pebble-dev/PebbleSDK-3.0-beta10/Pebble/aplite/lib/libpebble.a(tmpQA9vUTpebble.o)
 .text.scroll_layer_set_content_offset
                0x0000000000000000        0xc /Users/James/pebble-dev/PebbleSDK-3.0-beta10/Pebble/aplite/lib/libpebble.a(tmpQA9vUTpebble.o)
 .text.scroll_layer_set_content_size
                0x0000000000000000        0xc /Users/James/pebble-dev/PebbleSDK-3.0-beta10/Pebble/aplite/lib/libpebble.a(tmpQA9vUTpebble.o)
 .text.scroll_layer_set_context
                0x0000000000000000        0xc /Users/James/pebble-dev/PebbleSDK-3.0-beta10/Pebble/aplite/lib/libpebble.a(tmpQA9vUTpebble.o)
 .text.scroll_layer_set_frame
                0x0000000000000000        0xc /Users/James/pebble-dev/PebbleSDK-3.0-beta10/Pebble/aplite/lib/libpebble.a(tmpQA9vUTpebble.o)
 .text.scroll_layer_set_shadow_hidden
                0x0000000000000000        0xc /Users/James/pebble-dev/PebbleSDK-3.0-beta10/Pebble/aplite/lib/libpebble.a(tmpQA9vUTpebble.o)
 .text.simple_menu_layer_create
                0x0000000000000000        0xc /Users/James/pebble-dev/PebbleSDK-3.0-beta10/Pebble/aplite/lib/libpebble.a(tmpQA9vUTpebble.o)
 .text.simple_menu_layer_destroy
                0x0000000000000000        0xc /Users/James/pebble-dev/PebbleSDK-3.0-beta10/Pebble/aplite/lib/libpebble.a(tmpQA9vUTpebble.o)
 .text.simple_menu_layer_get_layer
                0x0000000000000000        0xc /Users/James/pebble-dev/PebbleSDK-3.0-beta10/Pebble/aplite/lib/libpebble.a(tmpQA9vUTpebble.o)
 .text.simple_menu_layer_get_selected_index
                0x0000000000000000        0xc /Users/James/pebble-dev/PebbleSDK-3.0-beta10/Pebble/aplite/lib/libpebble.a(tmpQA9vUTpebble.o)
 .text.simple_menu_layer_set_selected_index
                0x0000000000000000        0xc /Users/James/pebble-dev/PebbleSDK-3.0-beta10/Pebble/aplite/lib/libpebble.a(tmpQA9vUTpebble.o)
 .text.sin_lookup
                0x0000000000000000        0xc /Users/James/pebble-dev/PebbleSDK-3.0-beta10/Pebble/aplite/lib/libpebble.a(tmpQA9vUTpebble.o)
 .text.snprintf
                0x0000000000000000        0xc /Users/James/pebble-dev/PebbleSDK-3.0-beta10/Pebble/aplite/lib/libpebble.a(tmpQA9vUTpebble.o)
 .text.srand    0x0000000000000000        0xc /Users/James/pebble-dev/PebbleSDK-3.0-beta10/Pebble/aplite/lib/libpebble.a(tmpQA9vUTpebble.o)
 .text.strcat   0x0000000000000000        0xc /Users/James/pebble-dev/PebbleSDK-3.0-beta10/Pebble/aplite/lib/libpebble.a(tmpQA9vUTpebble.o)
 .text.strcmp   0x0000000000000000        0xc /Users/James/pebble-dev/PebbleSDK-3.0-beta10/Pebble/aplite/lib/libpebble.a(tmpQA9vUTpebble.o)
 .text.strcpy   0x0000000000000000        0xc /Users/James/pebble-dev/PebbleSDK-3.0-beta10/Pebble/aplite/lib/libpebble.a(tmpQA9vUTpebble.o)
 .text.strlen   0x0000000000000000        0xc /Users/James/pebble-dev/PebbleSDK-3.0-beta10/Pebble/aplite/lib/libpebble.a(tmpQA9vUTpebble.o)
 .text.strncat  0x0000000000000000        0xc /Users/James/pebble-dev/PebbleSDK-3.0-beta10/Pebble/aplite/lib/libpebble.a(tmpQA9vUTpebble.o)
 .text.strncmp  0x0000000000000000        0xc /Users/James/pebble-dev/PebbleSDK-3.0-beta10/Pebble/aplite/lib/libpebble.a(tmpQA9vUTpebble.o)
 .text.strncpy  0x0000000000000000        0xc /Users/James/pebble-dev/PebbleSDK-3.0-beta10/Pebble/aplite/lib/libpebble.a(tmpQA9vUTpebble.o)
 .text.text_layer_get_content_size
                0x0000000000000000        0xc /Users/James/pebble-dev/PebbleSDK-3.0-beta10/Pebble/aplite/lib/libpebble.a(tmpQA9vUTpebble.o)
 .text.text_layer_get_text
                0x0000000000000000        0xc /Users/James/pebble-dev/PebbleSDK-3.0-beta10/Pebble/aplite/lib/libpebble.a(tmpQA9vUTpebble.o)
 .text.text_layer_set_overflow_mode
                0x0000000000000000        0xc /Users/James/pebble-dev/PebbleSDK-3.0-beta10/Pebble/aplite/lib/libpebble.a(tmpQA9vUTpebble.o)
 .text.text_layer_set_size
                0x0000000000000000        0xc /Users/James/pebble-dev/PebbleSDK-3.0-beta10/Pebble/aplite/lib/libpebble.a(tmpQA9vUTpebble.o)
 .text.time_ms  0x0000000000000000        0xc /Users/James/pebble-dev/PebbleSDK-3.0-beta10/Pebble/aplite/lib/libpebble.a(tmpQA9vUTpebble.o)
 .text.vibes_cancel
                0x0000000000000000        0xc /Users/James/pebble-dev/PebbleSDK-3.0-beta10/Pebble/aplite/lib/libpebble.a(tmpQA9vUTpebble.o)
 .text.vibes_double_pulse
                0x0000000000000000        0xc /Users/James/pebble-dev/PebbleSDK-3.0-beta10/Pebble/aplite/lib/libpebble.a(tmpQA9vUTpebble.o)
 .text.vibes_enqueue_custom_pattern
                0x0000000000000000        0xc /Users/James/pebble-dev/PebbleSDK-3.0-beta10/Pebble/aplite/lib/libpebble.a(tmpQA9vUTpebble.o)
 .text.vibes_long_pulse
                0x0000000000000000        0xc /Users/James/pebble-dev/PebbleSDK-3.0-beta10/Pebble/aplite/lib/libpebble.a(tmpQA9vUTpebble.o)
 .text.vibes_short_pulse
                0x0000000000000000        0xc /Users/James/pebble-dev/PebbleSDK-3.0-beta10/Pebble/aplite/lib/libpebble.a(tmpQA9vUTpebble.o)
 .text.window_get_click_config_provider
                0x0000000000000000        0xc /Users/James/pebble-dev/PebbleSDK-3.0-beta10/Pebble/aplite/lib/libpebble.a(tmpQA9vUTpebble.o)
 .text.window_get_fullscreen
                0x0000000000000000        0xc /Users/James/pebble-dev/PebbleSDK-3.0-beta10/Pebble/aplite/lib/libpebble.a(tmpQA9vUTpebble.o)
 .text.window_is_loaded
                0x0000000000000000        0xc /Users/James/pebble-dev/PebbleSDK-3.0-beta10/Pebble/aplite/lib/libpebble.a(tmpQA9vUTpebble.o)
 .text.window_set_background_color
                0x0000000000000000        0xc /Users/James/pebble-dev/PebbleSDK-3.0-beta10/Pebble/aplite/lib/libpebble.a(tmpQA9vUTpebble.o)
 .text.window_set_click_config_provider
                0x0000000000000000        0xc /Users/James/pebble-dev/PebbleSDK-3.0-beta10/Pebble/aplite/lib/libpebble.a(tmpQA9vUTpebble.o)
 .text.window_set_click_config_provider_with_context
                0x0000000000000000        0xc /Users/James/pebble-dev/PebbleSDK-3.0-beta10/Pebble/aplite/lib/libpebble.a(tmpQA9vUTpebble.o)
 .text.window_set_fullscreen
                0x0000000000000000        0xc /Users/James/pebble-dev/PebbleSDK-3.0-beta10/Pebble/aplite/lib/libpebble.a(tmpQA9vUTpebble.o)
 .text.window_set_status_bar_icon
                0x0000000000000000        0xc /Users/James/pebble-dev/PebbleSDK-3.0-beta10/Pebble/aplite/lib/libpebble.a(tmpQA9vUTpebble.o)
 .text.window_stack_contains_window
                0x0000000000000000        0xc /Users/James/pebble-dev/PebbleSDK-3.0-beta10/Pebble/aplite/lib/libpebble.a(tmpQA9vUTpebble.o)
 .text.window_stack_get_top_window
                0x0000000000000000        0xc /Users/James/pebble-dev/PebbleSDK-3.0-beta10/Pebble/aplite/lib/libpebble.a(tmpQA9vUTpebble.o)
 .text.window_stack_pop
                0x0000000000000000        0xc /Users/James/pebble-dev/PebbleSDK-3.0-beta10/Pebble/aplite/lib/libpebble.a(tmpQA9vUTpebble.o)
 .text.window_stack_pop_all
                0x0000000000000000        0xc /Users/James/pebble-dev/PebbleSDK-3.0-beta10/Pebble/aplite/lib/libpebble.a(tmpQA9vUTpebble.o)
 .text.window_stack_remove
                0x0000000000000000        0xc /Users/James/pebble-dev/PebbleSDK-3.0-beta10/Pebble/aplite/lib/libpebble.a(tmpQA9vUTpebble.o)
 .text.app_focus_service_subscribe
                0x0000000000000000        0xc /Users/James/pebble-dev/PebbleSDK-3.0-beta10/Pebble/aplite/lib/libpebble.a(tmpQA9vUTpebble.o)
 .text.app_focus_service_unsubscribe
                0x0000000000000000        0xc /Users/James/pebble-dev/PebbleSDK-3.0-beta10/Pebble/aplite/lib/libpebble.a(tmpQA9vUTpebble.o)
 .text.window_get_user_data
                0x0000000000000000        0xc /Users/James/pebble-dev/PebbleSDK-3.0-beta10/Pebble/aplite/lib/libpebble.a(tmpQA9vUTpebble.o)
 .text.window_set_user_data
                0x0000000000000000        0xc /Users/James/pebble-dev/PebbleSDK-3.0-beta10/Pebble/aplite/lib/libpebble.a(tmpQA9vUTpebble.o)
 .text.app_message_get_context
                0x0000000000000000        0xc /Users/James/pebble-dev/PebbleSDK-3.0-beta10/Pebble/aplite/lib/libpebble.a(tmpQA9vUTpebble.o)
 .text.app_message_inbox_size_maximum
                0x0000000000000000        0xc /Users/James/pebble-dev/PebbleSDK-3.0-beta10/Pebble/aplite/lib/libpebble.a(tmpQA9vUTpebble.o)
 .text.app_message_outbox_begin
                0x0000000000000000        0xc /Users/James/pebble-dev/PebbleSDK-3.0-beta10/Pebble/aplite/lib/libpebble.a(tmpQA9vUTpebble.o)
 .text.app_message_outbox_send
                0x0000000000000000        0xc /Users/James/pebble-dev/PebbleSDK-3.0-beta10/Pebble/aplite/lib/libpebble.a(tmpQA9vUTpebble.o)
 .text.app_message_outbox_size_maximum
                0x0000000000000000        0xc /Users/James/pebble-dev/PebbleSDK-3.0-beta10/Pebble/aplite/lib/libpebble.a(tmpQA9vUTpebble.o)
 .text.app_message_register_inbox_dropped
                0x0000000000000000        0xc /Users/James/pebble-dev/PebbleSDK-3.0-beta10/Pebble/aplite/lib/libpebble.a(tmpQA9vUTpebble.o)
 .text.app_message_register_inbox_received
                0x0000000000000000        0xc /Users/James/pebble-dev/PebbleSDK-3.0-beta10/Pebble/aplite/lib/libpebble.a(tmpQA9vUTpebble.o)
 .text.app_message_register_outbox_failed
                0x0000000000000000        0xc /Users/James/pebble-dev/PebbleSDK-3.0-beta10/Pebble/aplite/lib/libpebble.a(tmpQA9vUTpebble.o)
 .text.app_message_register_outbox_sent
                0x0000000000000000        0xc /Users/James/pebble-dev/PebbleSDK-3.0-beta10/Pebble/aplite/lib/libpebble.a(tmpQA9vUTpebble.o)
 .text.app_message_set_context
                0x0000000000000000        0xc /Users/James/pebble-dev/PebbleSDK-3.0-beta10/Pebble/aplite/lib/libpebble.a(tmpQA9vUTpebble.o)
 .text.window_long_click_subscribe
                0x0000000000000000        0xc /Users/James/pebble-dev/PebbleSDK-3.0-beta10/Pebble/aplite/lib/libpebble.a(tmpQA9vUTpebble.o)
 .text.window_multi_click_subscribe
                0x0000000000000000        0xc /Users/James/pebble-dev/PebbleSDK-3.0-beta10/Pebble/aplite/lib/libpebble.a(tmpQA9vUTpebble.o)
 .text.window_raw_click_subscribe
                0x0000000000000000        0xc /Users/James/pebble-dev/PebbleSDK-3.0-beta10/Pebble/aplite/lib/libpebble.a(tmpQA9vUTpebble.o)
 .text.window_set_click_context
                0x0000000000000000        0xc /Users/James/pebble-dev/PebbleSDK-3.0-beta10/Pebble/aplite/lib/libpebble.a(tmpQA9vUTpebble.o)
 .text.window_single_click_subscribe
                0x0000000000000000        0xc /Users/James/pebble-dev/PebbleSDK-3.0-beta10/Pebble/aplite/lib/libpebble.a(tmpQA9vUTpebble.o)
 .text.window_single_repeating_click_subscribe
                0x0000000000000000        0xc /Users/James/pebble-dev/PebbleSDK-3.0-beta10/Pebble/aplite/lib/libpebble.a(tmpQA9vUTpebble.o)
 .text.graphics_draw_text
                0x0000000000000000        0xc /Users/James/pebble-dev/PebbleSDK-3.0-beta10/Pebble/aplite/lib/libpebble.a(tmpQA9vUTpebble.o)
 .text.dict_serialize_tuplets_to_buffer
                0x0000000000000000        0xc /Users/James/pebble-dev/PebbleSDK-3.0-beta10/Pebble/aplite/lib/libpebble.a(tmpQA9vUTpebble.o)
 .text.persist_read_data
                0x0000000000000000        0xc /Users/James/pebble-dev/PebbleSDK-3.0-beta10/Pebble/aplite/lib/libpebble.a(tmpQA9vUTpebble.o)
 .text.persist_read_string
                0x0000000000000000        0xc /Users/James/pebble-dev/PebbleSDK-3.0-beta10/Pebble/aplite/lib/libpebble.a(tmpQA9vUTpebble.o)
 .text.persist_write_data
                0x0000000000000000        0xc /Users/James/pebble-dev/PebbleSDK-3.0-beta10/Pebble/aplite/lib/libpebble.a(tmpQA9vUTpebble.o)
 .text.dict_size
                0x0000000000000000        0xc /Users/James/pebble-dev/PebbleSDK-3.0-beta10/Pebble/aplite/lib/libpebble.a(tmpQA9vUTpebble.o)
 .text.graphics_text_layout_get_content_size
                0x0000000000000000        0xc /Users/James/pebble-dev/PebbleSDK-3.0-beta10/Pebble/aplite/lib/libpebble.a(tmpQA9vUTpebble.o)
 .text.simple_menu_layer_get_menu_layer
                0x0000000000000000        0xc /Users/James/pebble-dev/PebbleSDK-3.0-beta10/Pebble/aplite/lib/libpebble.a(tmpQA9vUTpebble.o)
 .text.accel_data_service_subscribe
                0x0000000000000000        0xc /Users/James/pebble-dev/PebbleSDK-3.0-beta10/Pebble/aplite/lib/libpebble.a(tmpQA9vUTpebble.o)
 .text.calloc   0x0000000000000000        0xc /Users/James/pebble-dev/PebbleSDK-3.0-beta10/Pebble/aplite/lib/libpebble.a(tmpQA9vUTpebble.o)
 .text.bitmap_layer_get_bitmap
                0x0000000000000000        0xc /Users/James/pebble-dev/PebbleSDK-3.0-beta10/Pebble/aplite/lib/libpebble.a(tmpQA9vUTpebble.o)
 .text.menu_layer_set_callbacks
                0x0000000000000000        0xc /Users/James/pebble-dev/PebbleSDK-3.0-beta10/Pebble/aplite/lib/libpebble.a(tmpQA9vUTpebble.o)
 .text.window_get_click_config_context
                0x0000000000000000        0xc /Users/James/pebble-dev/PebbleSDK-3.0-beta10/Pebble/aplite/lib/libpebble.a(tmpQA9vUTpebble.o)
 .text.number_window_get_window
                0x0000000000000000        0xc /Users/James/pebble-dev/PebbleSDK-3.0-beta10/Pebble/aplite/lib/libpebble.a(tmpQA9vUTpebble.o)
 .text.realloc  0x0000000000000000        0xc /Users/James/pebble-dev/PebbleSDK-3.0-beta10/Pebble/aplite/lib/libpebble.a(tmpQA9vUTpebble.o)
 .text.__gbitmap_create_blank
                0x0000000000000000        0xc /Users/James/pebble-dev/PebbleSDK-3.0-beta10/Pebble/aplite/lib/libpebble.a(tmpQA9vUTpebble.o)
 .text.click_recognizer_is_repeating
                0x0000000000000000        0xc /Users/James/pebble-dev/PebbleSDK-3.0-beta10/Pebble/aplite/lib/libpebble.a(tmpQA9vUTpebble.o)
 .text.accel_raw_data_service_subscribe
                0x0000000000000000        0xc /Users/James/pebble-dev/PebbleSDK-3.0-beta10/Pebble/aplite/lib/libpebble.a(tmpQA9vUTpebble.o)
 .text.app_worker_is_running
                0x0000000000000000        0xc /Users/James/pebble-dev/PebbleSDK-3.0-beta10/Pebble/aplite/lib/libpebble.a(tmpQA9vUTpebble.o)
 .text.app_worker_kill
                0x0000000000000000        0xc /Users/James/pebble-dev/PebbleSDK-3.0-beta10/Pebble/aplite/lib/libpebble.a(tmpQA9vUTpebble.o)
 .text.app_worker_launch
                0x0000000000000000        0xc /Users/James/pebble-dev/PebbleSDK-3.0-beta10/Pebble/aplite/lib/libpebble.a(tmpQA9vUTpebble.o)
 .text.app_worker_message_subscribe
                0x0000000000000000        0xc /Users/James/pebble-dev/PebbleSDK-3.0-beta10/Pebble/aplite/lib/libpebble.a(tmpQA9vUTpebble.o)
 .text.app_worker_message_unsubscribe
                0x0000000000000000        0xc /Users/James/pebble-dev/PebbleSDK-3.0-beta10/Pebble/aplite/lib/libpebble.a(tmpQA9vUTpebble.o)
 .text.app_worker_send_message
                0x0000000000000000        0xc /Users/James/pebble-dev/PebbleSDK-3.0-beta10/Pebble/aplite/lib/libpebble.a(tmpQA9vUTpebble.o)
 .text.worker_event_loop
                0x0000000000000000        0xc /Users/James/pebble-dev/PebbleSDK-3.0-beta10/Pebble/aplite/lib/libpebble.a(tmpQA9vUTpebble.o)
 .text.worker_launch_app
                0x0000000000000000        0xc /Users/James/pebble-dev/PebbleSDK-3.0-beta10/Pebble/aplite/lib/libpebble.a(tmpQA9vUTpebble.o)
 .text.heap_bytes_free
                0x0000000000000000        0xc /Users/James/pebble-dev/PebbleSDK-3.0-beta10/Pebble/aplite/lib/libpebble.a(tmpQA9vUTpebble.o)
 .text.heap_bytes_used
                0x0000000000000000        0xc /Users/James/pebble-dev/PebbleSDK-3.0-beta10/Pebble/aplite/lib/libpebble.a(tmpQA9vUTpebble.o)
 .text.compass_service_peek
                0x0000000000000000        0xc /Users/James/pebble-dev/PebbleSDK-3.0-beta10/Pebble/aplite/lib/libpebble.a(tmpQA9vUTpebble.o)
 .text.compass_service_set_heading_filter
                0x0000000000000000        0xc /Users/James/pebble-dev/PebbleSDK-3.0-beta10/Pebble/aplite/lib/libpebble.a(tmpQA9vUTpebble.o)
 .text.compass_service_subscribe
                0x0000000000000000        0xc /Users/James/pebble-dev/PebbleSDK-3.0-beta10/Pebble/aplite/lib/libpebble.a(tmpQA9vUTpebble.o)
 .text.compass_service_unsubscribe
                0x0000000000000000        0xc /Users/James/pebble-dev/PebbleSDK-3.0-beta10/Pebble/aplite/lib/libpebble.a(tmpQA9vUTpebble.o)
 .text.uuid_equal
                0x0000000000000000        0xc /Users/James/pebble-dev/PebbleSDK-3.0-beta10/Pebble/aplite/lib/libpebble.a(tmpQA9vUTpebble.o)
 .text.uuid_to_string
                0x0000000000000000        0xc /Users/James/pebble-dev/PebbleSDK-3.0-beta10/Pebble/aplite/lib/libpebble.a(tmpQA9vUTpebble.o)
 .text.gpath_draw_filled
                0x0000000000000000        0xc /Users/James/pebble-dev/PebbleSDK-3.0-beta10/Pebble/aplite/lib/libpebble.a(tmpQA9vUTpebble.o)
 .text.animation_set_custom_curve
                0x0000000000000000        0xc /Users/James/pebble-dev/PebbleSDK-3.0-beta10/Pebble/aplite/lib/libpebble.a(tmpQA9vUTpebble.o)
 .text.watch_info_get_color
                0x0000000000000000        0xc /Users/James/pebble-dev/PebbleSDK-3.0-beta10/Pebble/aplite/lib/libpebble.a(tmpQA9vUTpebble.o)
 .text.watch_info_get_firmware_version
                0x0000000000000000        0xc /Users/James/pebble-dev/PebbleSDK-3.0-beta10/Pebble/aplite/lib/libpebble.a(tmpQA9vUTpebble.o)
 .text.watch_info_get_model
                0x0000000000000000        0xc /Users/James/pebble-dev/PebbleSDK-3.0-beta10/Pebble/aplite/lib/libpebble.a(tmpQA9vUTpebble.o)
 .text.graphics_capture_frame_buffer
                0x0000000000000000        0xc /Users/James/pebble-dev/PebbleSDK-3.0-beta10/Pebble/aplite/lib/libpebble.a(tmpQA9vUTpebble.o)
 .text.graphics_frame_buffer_is_captured
                0x0000000000000000        0xc /Users/James/pebble-dev/PebbleSDK-3.0-beta10/Pebble/aplite/lib/libpebble.a(tmpQA9vUTpebble.o)
 .text.graphics_release_frame_buffer
                0x0000000000000000        0xc /Users/James/pebble-dev/PebbleSDK-3.0-beta10/Pebble/aplite/lib/libpebble.a(tmpQA9vUTpebble.o)
 .text.clock_to_timestamp
                0x0000000000000000        0xc /Users/James/pebble-dev/PebbleSDK-3.0-beta10/Pebble/aplite/lib/libpebble.a(tmpQA9vUTpebble.o)
 .text.launch_reason
                0x0000000000000000        0xc /Users/James/pebble-dev/PebbleSDK-3.0-beta10/Pebble/aplite/lib/libpebble.a(tmpQA9vUTpebble.o)
 .text.wakeup_cancel
                0x0000000000000000        0xc /Users/James/pebble-dev/PebbleSDK-3.0-beta10/Pebble/aplite/lib/libpebble.a(tmpQA9vUTpebble.o)
 .text.wakeup_cancel_all
                0x0000000000000000        0xc /Users/James/pebble-dev/PebbleSDK-3.0-beta10/Pebble/aplite/lib/libpebble.a(tmpQA9vUTpebble.o)
 .text.wakeup_get_launch_event
                0x0000000000000000        0xc /Users/James/pebble-dev/PebbleSDK-3.0-beta10/Pebble/aplite/lib/libpebble.a(tmpQA9vUTpebble.o)
 .text.wakeup_query
                0x0000000000000000        0xc /Users/James/pebble-dev/PebbleSDK-3.0-beta10/Pebble/aplite/lib/libpebble.a(tmpQA9vUTpebble.o)
 .text.wakeup_schedule
                0x0000000000000000        0xc /Users/James/pebble-dev/PebbleSDK-3.0-beta10/Pebble/aplite/lib/libpebble.a(tmpQA9vUTpebble.o)
 .text.wakeup_service_subscribe
                0x0000000000000000        0xc /Users/James/pebble-dev/PebbleSDK-3.0-beta10/Pebble/aplite/lib/libpebble.a(tmpQA9vUTpebble.o)
 .text.clock_is_timezone_set
                0x0000000000000000        0xc /Users/James/pebble-dev/PebbleSDK-3.0-beta10/Pebble/aplite/lib/libpebble.a(tmpQA9vUTpebble.o)
 .text.i18n_get_system_locale
                0x0000000000000000        0xc /Users/James/pebble-dev/PebbleSDK-3.0-beta10/Pebble/aplite/lib/libpebble.a(tmpQA9vUTpebble.o)
 .text._localeconv_r
                0x0000000000000000        0xc /Users/James/pebble-dev/PebbleSDK-3.0-beta10/Pebble/aplite/lib/libpebble.a(tmpQA9vUTpebble.o)
 .text.setlocale
                0x0000000000000000        0xc /Users/James/pebble-dev/PebbleSDK-3.0-beta10/Pebble/aplite/lib/libpebble.a(tmpQA9vUTpebble.o)
 .text.mktime   0x0000000000000000        0xc /Users/James/pebble-dev/PebbleSDK-3.0-beta10/Pebble/aplite/lib/libpebble.a(tmpQA9vUTpebble.o)
 .text          0x0000000000000000        0x0 /Users/James/pebble-dev/PebbleSDK-3.0-beta10/arm-cs-tools/bin/../lib/gcc/arm-none-eabi/4.7.2/thumb2/crtend.o
 .bss           0x0000000000000000        0x0 /Users/James/pebble-dev/PebbleSDK-3.0-beta10/arm-cs-tools/bin/../lib/gcc/arm-none-eabi/4.7.2/thumb2/crtend.o
 .eh_frame      0x0000000000000000        0x4 /Users/James/pebble-dev/PebbleSDK-3.0-beta10/arm-cs-tools/bin/../lib/gcc/arm-none-eabi/4.7.2/thumb2/crtend.o
 .jcr           0x0000000000000000        0x4 /Users/James/pebble-dev/PebbleSDK-3.0-beta10/arm-cs-tools/bin/../lib/gcc/arm-none-eabi/4.7.2/thumb2/crtend.o
 .tm_clone_table
                0x0000000000000000        0x0 /Users/James/pebble-dev/PebbleSDK-3.0-beta10/arm-cs-tools/bin/../lib/gcc/arm-none-eabi/4.7.2/thumb2/crtend.o
 .text          0x0000000000000000        0x0 /Users/James/pebble-dev/PebbleSDK-3.0-beta10/arm-cs-tools/bin/../lib/gcc/arm-none-eabi/4.7.2/thumb2/crtn.o
 .bss           0x0000000000000000        0x0 /Users/James/pebble-dev/PebbleSDK-3.0-beta10/arm-cs-tools/bin/../lib/gcc/arm-none-eabi/4.7.2/thumb2/crtn.o
 .init          0x0000000000000000        0x8 /Users/James/pebble-dev/PebbleSDK-3.0-beta10/arm-cs-tools/bin/../lib/gcc/arm-none-eabi/4.7.2/thumb2/crtn.o
 .fini          0x0000000000000000        0x8 /Users/James/pebble-dev/PebbleSDK-3.0-beta10/arm-cs-tools/bin/../lib/gcc/arm-none-eabi/4.7.2/thumb2/crtn.o

Memory Configuration

Name             Origin             Length             Attributes
APP              0x0000000000000000 0x0000000000006000 xrw
*default*        0x0000000000000000 0xffffffffffffffff

Linker script and memory map

LOAD /Users/James/pebble-dev/PebbleSDK-3.0-beta10/arm-cs-tools/bin/../lib/gcc/arm-none-eabi/4.7.2/thumb2/crti.o
LOAD /Users/James/pebble-dev/PebbleSDK-3.0-beta10/arm-cs-tools/bin/../lib/gcc/arm-none-eabi/4.7.2/thumb2/crtbegin.o
LOAD src/main.c.30.o
LOAD aplite/appinfo.auto.c.30.o
LOAD /Users/James/pebble-dev/PebbleSDK-3.0-beta10/Pebble/aplite/lib/libpebble.a
START GROUP
LOAD /Users/James/pebble-dev/PebbleSDK-3.0-beta10/arm-cs-tools/bin/../lib/gcc/arm-none-eabi/4.7.2/thumb2/libgcc.a
LOAD /Users/James/pebble-dev/PebbleSDK-3.0-beta10/arm-cs-tools/bin/../lib/gcc/arm-none-eabi/4.7.2/../../../../arm-none-eabi/lib/thumb2/libc.a
END GROUP
LOAD /Users/James/pebble-dev/PebbleSDK-3.0-beta10/arm-cs-tools/bin/../lib/gcc/arm-none-eabi/4.7.2/thumb2/crtend.o
LOAD /Users/James/pebble-dev/PebbleSDK-3.0-beta10/arm-cs-tools/bin/../lib/gcc/arm-none-eabi/4.7.2/thumb2/crtn.o

.header         0x0000000000000000       0x82
 *(.pbl_header)
 .pbl_header    0x0000000000000000       0x82 aplite/appinfo.auto.c.30.o
                0x0000000000000000                __pbl_app_info

.note.gnu.build-id
                0x0000000000000082       0x26
                0x0000000000000082                PROVIDE (BUILD_ID, .)
 *(.note.gnu.build-id)
 *fill*         0x0000000000000082        0x2 
 .note.gnu.build-id
                0x0000000000000084       0x24 linker stubs

.text           0x00000000000000a8      0x7bf
 *(.text)
 .text          0x00000000000000a8       0x14 /Users/James/pebble-dev/PebbleSDK-3.0-beta10/Pebble/aplite/lib/libpebble.a(tmpQA9vUTpebble.o)
 *(.text.*)
 .text.update_bluetooth
                0x00000000000000bc        0x2 src/main.c.30.o
                0x00000000000000bc                update_bluetooth
 *fill*         0x00000000000000be        0x2 
 .text.update_time
                0x00000000000000c0       0x60 src/main.c.30.o
 .text.tick_handler
                0x0000000000000120        0x4 src/main.c.30.o
 .text.date_update_proc
                0x0000000000000124       0x6c src/main.c.30.o
 .text.window_unload
                0x0000000000000190       0x4c src/main.c.30.o
 .text.window_load
                0x00000000000001dc      0x350 src/main.c.30.o
 .text.update_battery
                0x000000000000052c       0x78 src/main.c.30.o
 .text.bg_update_proc
                0x00000000000005a4       0x28 src/main.c.30.o
 .text.startup.main
                0x00000000000005cc       0x78 src/main.c.30.o
                0x00000000000005cc                main
 .text.app_event_loop
                0x0000000000000644        0xc /Users/James/pebble-dev/PebbleSDK-3.0-beta10/Pebble/aplite/lib/libpebble.a(tmpQA9vUTpebble.o)
                0x0000000000000644                app_event_loop
 .text.battery_state_service_peek
                0x0000000000000650        0xc /Users/James/pebble-dev/PebbleSDK-3.0-beta10/Pebble/aplite/lib/libpebble.a(tmpQA9vUTpebble.o)
                0x0000000000000650                battery_state_service_peek
 .text.bitmap_layer_create
                0x000000000000065c        0xc /Users/James/pebble-dev/PebbleSDK-3.0-beta10/Pebble/aplite/lib/libpebble.a(tmpQA9vUTpebble.o)
                0x000000000000065c                bitmap_layer_create
 .text.bitmap_layer_destroy
                0x0000000000000668        0xc /Users/James/pebble-dev/PebbleSDK-3.0-beta10/Pebble/aplite/lib/libpebble.a(tmpQA9vUTpebble.o)
                0x0000000000000668                bitmap_layer_destroy
 .text.bitmap_layer_get_layer
                0x0000000000000674        0xc /Users/James/pebble-dev/PebbleSDK-3.0-beta10/Pebble/aplite/lib/libpebble.a(tmpQA9vUTpebble.o)
                0x0000000000000674                bitmap_layer_get_layer
 .text.bitmap_layer_set_bitmap
                0x0000000000000680        0xc /Users/James/pebble-dev/PebbleSDK-3.0-beta10/Pebble/aplite/lib/libpebble.a(tmpQA9vUTpebble.o)
                0x0000000000000680                bitmap_layer_set_bitmap
 .text.bluetooth_connection_service_subscribe
                0x000000000000068c        0xc /Users/James/pebble-dev/PebbleSDK-3.0-beta10/Pebble/aplite/lib/libpebble.a(tmpQA9vUTpebble.o)
                0x000000000000068c                bluetooth_connection_service_subscribe
 .text.clock_is_24h_style
                0x0000000000000698        0xc /Users/James/pebble-dev/PebbleSDK-3.0-beta10/Pebble/aplite/lib/libpebble.a(tmpQA9vUTpebble.o)
                0x0000000000000698                clock_is_24h_style
 .text.fonts_load_custom_font
                0x00000000000006a4        0xc /Users/James/pebble-dev/PebbleSDK-3.0-beta10/Pebble/aplite/lib/libpebble.a(tmpQA9vUTpebble.o)
                0x00000000000006a4                fonts_load_custom_font
 .text.gbitmap_create_with_resource
                0x00000000000006b0        0xc /Users/James/pebble-dev/PebbleSDK-3.0-beta10/Pebble/aplite/lib/libpebble.a(tmpQA9vUTpebble.o)
                0x00000000000006b0                gbitmap_create_with_resource
 .text.gbitmap_destroy
                0x00000000000006bc        0xc /Users/James/pebble-dev/PebbleSDK-3.0-beta10/Pebble/aplite/lib/libpebble.a(tmpQA9vUTpebble.o)
                0x00000000000006bc                gbitmap_destroy
 .text.graphics_context_set_fill_color
                0x00000000000006c8        0xc /Users/James/pebble-dev/PebbleSDK-3.0-beta10/Pebble/aplite/lib/libpebble.a(tmpQA9vUTpebble.o)
                0x00000000000006c8                graphics_context_set_fill_color
 .text.graphics_fill_rect
                0x00000000000006d4        0xc /Users/James/pebble-dev/PebbleSDK-3.0-beta10/Pebble/aplite/lib/libpebble.a(tmpQA9vUTpebble.o)
                0x00000000000006d4                graphics_fill_rect
 .text.layer_add_child
                0x00000000000006e0        0xc /Users/James/pebble-dev/PebbleSDK-3.0-beta10/Pebble/aplite/lib/libpebble.a(tmpQA9vUTpebble.o)
                0x00000000000006e0                layer_add_child
 .text.layer_create
                0x00000000000006ec        0xc /Users/James/pebble-dev/PebbleSDK-3.0-beta10/Pebble/aplite/lib/libpebble.a(tmpQA9vUTpebble.o)
                0x00000000000006ec                layer_create
 .text.layer_destroy
                0x00000000000006f8        0xc /Users/James/pebble-dev/PebbleSDK-3.0-beta10/Pebble/aplite/lib/libpebble.a(tmpQA9vUTpebble.o)
                0x00000000000006f8                layer_destroy
 .text.layer_get_bounds
                0x0000000000000704        0xc /Users/James/pebble-dev/PebbleSDK-3.0-beta10/Pebble/aplite/lib/libpebble.a(tmpQA9vUTpebble.o)
                0x0000000000000704                layer_get_bounds
 .text.layer_set_update_proc
                0x0000000000000710        0xc /Users/James/pebble-dev/PebbleSDK-3.0-beta10/Pebble/aplite/lib/libpebble.a(tmpQA9vUTpebble.o)
                0x0000000000000710                layer_set_update_proc
 .text.localtime
                0x000000000000071c        0xc /Users/James/pebble-dev/PebbleSDK-3.0-beta10/Pebble/aplite/lib/libpebble.a(tmpQA9vUTpebble.o)
                0x000000000000071c                localtime
 .text.memset   0x0000000000000728        0xc /Users/James/pebble-dev/PebbleSDK-3.0-beta10/Pebble/aplite/lib/libpebble.a(tmpQA9vUTpebble.o)
                0x0000000000000728                memset
 .text.resource_get_handle
                0x0000000000000734        0xc /Users/James/pebble-dev/PebbleSDK-3.0-beta10/Pebble/aplite/lib/libpebble.a(tmpQA9vUTpebble.o)
                0x0000000000000734                resource_get_handle
 .text.strftime
                0x0000000000000740        0xc /Users/James/pebble-dev/PebbleSDK-3.0-beta10/Pebble/aplite/lib/libpebble.a(tmpQA9vUTpebble.o)
                0x0000000000000740                strftime
 .text.text_layer_create
                0x000000000000074c        0xc /Users/James/pebble-dev/PebbleSDK-3.0-beta10/Pebble/aplite/lib/libpebble.a(tmpQA9vUTpebble.o)
                0x000000000000074c                text_layer_create
 .text.text_layer_destroy
                0x0000000000000758        0xc /Users/James/pebble-dev/PebbleSDK-3.0-beta10/Pebble/aplite/lib/libpebble.a(tmpQA9vUTpebble.o)
                0x0000000000000758                text_layer_destroy
 .text.text_layer_get_layer
                0x0000000000000764        0xc /Users/James/pebble-dev/PebbleSDK-3.0-beta10/Pebble/aplite/lib/libpebble.a(tmpQA9vUTpebble.o)
                0x0000000000000764                text_layer_get_layer
 .text.text_layer_set_background_color
                0x0000000000000770        0xc /Users/James/pebble-dev/PebbleSDK-3.0-beta10/Pebble/aplite/lib/libpebble.a(tmpQA9vUTpebble.o)
                0x0000000000000770                text_layer_set_background_color
 .text.text_layer_set_font
                0x000000000000077c        0xc /Users/James/pebble-dev/PebbleSDK-3.0-beta10/Pebble/aplite/lib/libpebble.a(tmpQA9vUTpebble.o)
                0x000000000000077c                text_layer_set_font
 .text.text_layer_set_text
                0x0000000000000788        0xc /Users/James/pebble-dev/PebbleSDK-3.0-beta10/Pebble/aplite/lib/libpebble.a(tmpQA9vUTpebble.o)
                0x0000000000000788                text_layer_set_text
 .text.text_layer_set_text_alignment
                0x0000000000000794        0xc /Users/James/pebble-dev/PebbleSDK-3.0-beta10/Pebble/aplite/lib/libpebble.a(tmpQA9vUTpebble.o)
                0x0000000000000794                text_layer_set_text_alignment
 .text.text_layer_set_text_color
                0x00000000000007a0        0xc /Users/James/pebble-dev/PebbleSDK-3.0-beta10/Pebble/aplite/lib/libpebble.a(tmpQA9vUTpebble.o)
                0x00000000000007a0                text_layer_set_text_color
 .text.tick_timer_service_subscribe
                0x00000000000007ac        0xc /Users/James/pebble-dev/PebbleSDK-3.0-beta10/Pebble/aplite/lib/libpebble.a(tmpQA9vUTpebble.o)
                0x00000000000007ac                tick_timer_service_subscribe
 .text.tick_timer_service_unsubscribe
                0x00000000000007b8        0xc /Users/James/pebble-dev/PebbleSDK-3.0-beta10/Pebble/aplite/lib/libpebble.a(tmpQA9vUTpebble.o)
                0x00000000000007b8                tick_timer_service_unsubscribe
 .text.time     0x00000000000007c4        0xc /Users/James/pebble-dev/PebbleSDK-3.0-beta10/Pebble/aplite/lib/libpebble.a(tmpQA9vUTpebble.o)
                0x00000000000007c4                time
 .text.window_create
                0x00000000000007d0        0xc /Users/James/pebble-dev/PebbleSDK-3.0-beta10/Pebble/aplite/lib/libpebble.a(tmpQA9vUTpebble.o)
                0x00000000000007d0                window_create
 .text.window_destroy
                0x00000000000007dc        0xc /Users/James/pebble-dev/PebbleSDK-3.0-beta10/Pebble/aplite/lib/libpebble.a(tmpQA9vUTpebble.o)
                0x00000000000007dc                window_destroy
 .text.window_get_root_layer
                0x00000000000007e8        0xc /Users/James/pebble-dev/PebbleSDK-3.0-beta10/Pebble/aplite/lib/libpebble.a(tmpQA9vUTpebble.o)
                0x00000000000007e8                window_get_root_layer
 .text.window_set_window_handlers
                0x00000000000007f4        0xc /Users/James/pebble-dev/PebbleSDK-3.0-beta10/Pebble/aplite/lib/libpebble.a(tmpQA9vUTpebble.o)
                0x00000000000007f4                window_set_window_handlers
 .text.window_stack_push
                0x0000000000000800        0xc /Users/James/pebble-dev/PebbleSDK-3.0-beta10/Pebble/aplite/lib/libpebble.a(tmpQA9vUTpebble.o)
                0x0000000000000800                window_stack_push
 *(.rodata)
 .rodata        0x000000000000080c       0x38 src/main.c.30.o
 *(.rodata*)
 .rodata.str1.1
                0x0000000000000844       0x23 src/main.c.30.o

.glue_7         0x0000000000000868        0x0
 .glue_7        0x0000000000000000        0x0 linker stubs

.glue_7t        0x0000000000000868        0x0
 .glue_7t       0x0000000000000000        0x0 linker stubs

.vfp11_veneer   0x0000000000000868        0x0
 .vfp11_veneer  0x0000000000000000        0x0 linker stubs

.v4_bx          0x0000000000000868        0x0
 .v4_bx         0x0000000000000000        0x0 linker stubs

.iplt           0x0000000000000868        0x0
 .iplt          0x0000000000000000        0x0 /Users/James/pebble-dev/PebbleSDK-3.0-beta10/arm-cs-tools/bin/../lib/gcc/arm-none-eabi/4.7.2/thumb2/crtbegin.o

.rel.dyn        0x0000000000000868        0x0
 .rel.iplt      0x0000000000000000        0x0 /Users/James/pebble-dev/PebbleSDK-3.0-beta10/arm-cs-tools/bin/../lib/gcc/arm-none-eabi/4.7.2/thumb2/crtbegin.o

.data           0x0000000000000868       0x1b
 *(.data)
 .data          0x0000000000000868        0x0 /Users/James/pebble-dev/PebbleSDK-3.0-beta10/arm-cs-tools/bin/../lib/gcc/arm-none-eabi/4.7.2/thumb2/crti.o
 .data          0x0000000000000868        0x4 /Users/James/pebble-dev/PebbleSDK-3.0-beta10/arm-cs-tools/bin/../lib/gcc/arm-none-eabi/4.7.2/thumb2/crtbegin.o
                0x0000000000000868                __dso_handle
 .data          0x000000000000086c        0x0 src/main.c.30.o
 .data          0x000000000000086c        0x0 aplite/appinfo.auto.c.30.o
 .data          0x000000000000086c        0x0 /Users/James/pebble-dev/PebbleSDK-3.0-beta10/Pebble/aplite/lib/libpebble.a(tmpQA9vUTpebble.o)
 .data          0x000000000000086c        0x0 /Users/James/pebble-dev/PebbleSDK-3.0-beta10/arm-cs-tools/bin/../lib/gcc/arm-none-eabi/4.7.2/thumb2/crtend.o
 .data          0x000000000000086c        0x0 /Users/James/pebble-dev/PebbleSDK-3.0-beta10/arm-cs-tools/bin/../lib/gcc/arm-none-eabi/4.7.2/thumb2/crtn.o
 *(.data.*)
 .data.s_time_buffer
                0x000000000000086c        0x6 src/main.c.30.o
 .data.s_day_buffer
                0x0000000000000872        0xa src/main.c.30.o
 .data.s_date_buffer
                0x000000000000087c        0x7 src/main.c.30.o

.igot.plt       0x0000000000000884        0x0
 .igot.plt      0x0000000000000000        0x0 /Users/James/pebble-dev/PebbleSDK-3.0-beta10/arm-cs-tools/bin/../lib/gcc/arm-none-eabi/4.7.2/thumb2/crtbegin.o

.bss            0x0000000000000884       0x40
 *(.bss)
 *(.bss.*)
 .bss.s_background_layer
                0x0000000000000884        0x4 src/main.c.30.o
 .bss.s_background_bitmap
                0x0000000000000888        0x4 src/main.c.30.o
 .bss.s_date_label
                0x000000000000088c        0x4 src/main.c.30.o
 .bss.s_time_layer
                0x0000000000000890        0x4 src/main.c.30.o
 .bss.s_solid_bg_layer
                0x0000000000000894        0x4 src/main.c.30.o
 .bss.s_poke1_bitmap
                0x0000000000000898        0x4 src/main.c.30.o
 .bss.s_poke2_bitmap
                0x000000000000089c        0x4 src/main.c.30.o
 .bss.s_time_label
                0x00000000000008a0        0x4 src/main.c.30.o
 .bss.s_reg_font
                0x00000000000008a4        0x4 src/main.c.30.o
 .bss.s_battery_layer
                0x00000000000008a8        0x4 src/main.c.30.o
 .bss.s_poke2_layer
                0x00000000000008ac        0x4 src/main.c.30.o
 .bss.s_bluetooth_layer
                0x00000000000008b0        0x4 src/main.c.30.o
 .bss.s_poke1_layer
                0x00000000000008b4        0x4 src/main.c.30.o
 .bss.s_main_window
                0x00000000000008b8        0x4 src/main.c.30.o
 .bss.s_time_font
                0x00000000000008bc        0x4 src/main.c.30.o
 .bss.s_day_label
                0x00000000000008c0        0x4 src/main.c.30.o

DISCARD
 libc.a(*)
 libm.a(*)
 libgcc.a(*)
 *(.eh_frame)
OUTPUT(/Users/James/Development Workspaces/Pebble/PokeBattle/build/aplite/pebble-app.elf elf32-littlearm)

.ARM.attributes
                0x0000000000000000       0x27
 .ARM.attributes
                0x0000000000000000       0x19 /Users/James/pebble-dev/PebbleSDK-3.0-beta10/arm-cs-tools/bin/../lib/gcc/arm-none-eabi/4.7.2/thumb2/crti.o
 .ARM.attributes
                0x0000000000000019       0x29 /Users/James/pebble-dev/PebbleSDK-3.0-beta10/arm-cs-tools/bin/../lib/gcc/arm-none-eabi/4.7.2/thumb2/crtbegin.o
 .ARM.attributes
                0x0000000000000042       0x33 src/main.c.30.o
 .ARM.attributes
                0x0000000000000075       0x33 aplite/appinfo.auto.c.30.o
 .ARM.attributes
                0x00000000000000a8       0x21 /Users/James/pebble-dev/PebbleSDK-3.0-beta10/Pebble/aplite/lib/libpebble.a(tmpQA9vUTpebble.o)
 .ARM.attributes
                0x00000000000000c9       0x29 /Users/James/pebble-dev/PebbleSDK-3.0-beta10/arm-cs-tools/bin/../lib/gcc/arm-none-eabi/4.7.2/thumb2/crtend.o
 .ARM.attributes
                0x00000000000000f2       0x19 /Users/James/pebble-dev/PebbleSDK-3.0-beta10/arm-cs-tools/bin/../lib/gcc/arm-none-eabi/4.7.2/thumb2/crtn.o

.comment        0x0000000000000000       0x4e
 .comment       0x0000000000000000       0x4e /Users/James/pebble-dev/PebbleSDK-3.0-beta10/arm-cs-tools/bin/../lib/gcc/arm-none-eabi/4.7.2/thumb2/crtbegin.o
                                         0x4f (size before relaxing)
 .comment       0x0000000000000000       0x4f src/main.c.30.o
 .comment       0x0000000000000000       0x4f aplite/appinfo.auto.c.30.o
 .comment       0x0000000000000000       0x4f /Users/James/pebble-dev/PebbleSDK-3.0-beta10/arm-cs-tools/bin/../lib/gcc/arm-none-eabi/4.7.2/thumb2/crtend.o

.debug_info     0x0000000000000000     0x16b7
 .debug_info    0x0000000000000000     0x1358 src/main.c.30.o
 .debug_info    0x0000000000001358      0x35f aplite/appinfo.auto.c.30.o

.debug_abbrev   0x0000000000000000      0x3e2
 .debug_abbrev  0x0000000000000000      0x344 src/main.c.30.o
 .debug_abbrev  0x0000000000000344       0x9e aplite/appinfo.auto.c.30.o

.debug_loc      0x0000000000000000      0x308
 .debug_loc     0x0000000000000000      0x308 src/main.c.30.o

.debug_aranges  0x0000000000000000       0x80
 .debug_aranges
                0x0000000000000000       0x68 src/main.c.30.o
 .debug_aranges
                0x0000000000000068       0x18 aplite/appinfo.auto.c.30.o

.debug_ranges   0x0000000000000000       0x58
 .debug_ranges  0x0000000000000000       0x58 src/main.c.30.o

.debug_line     0x0000000000000000      0x516
 .debug_line    0x0000000000000000      0x3d7 src/main.c.30.o
 .debug_line    0x00000000000003d7      0x13f aplite/appinfo.auto.c.30.o

.debug_str      0x0000000000000000      0xbaf
 .debug_str     0x0000000000000000      0x99c src/main.c.30.o
                                        0xa41 (size before relaxing)
 .debug_str     0x000000000000099c      0x213 aplite/appinfo.auto.c.30.o
                                        0x405 (size before relaxing)

.debug_frame    0x0000000000000000      0x124
 .debug_frame   0x0000000000000000      0x124 src/main.c.30.o
